Vendors in Demo (sample data)           costs in EUR

NAME          CODE         13-MONTH COST  THIS MONTH
Bloomberg F…  BLOOMBERG     1,262,160.00   97,089.23
CryptoCompa…  CRYPTOCOMP…      18,000.00    1,384.62
Deutsche Bö…  DEUTSCHE_B…
FactSet Res…  FACTSET         412,500.00   31,730.77
ICE Data Se…  ICE_DATA         96,840.50    7,449.27
LSEG Data &…  LSEG            853,220.18   65,632.32

13-month cost: cash basis, this month and six months
either side.
This month: accrual basis.
Amounts in EUR, the workspace base currency.
--- stderr ---
37 vendors (page 1 of 7; use --page 2 or --all).
Sample data in the Demo workspace, not your own spend.
